============================= test session starts =============================
platform win32 -- Python 3.13.0, pytest-8.3.3, pluggy-1.6.0
rootdir: C:\Users\vanya\PycharmProjects\FastApiBlog
configfile: pytest.ini
testpaths: tests
plugins: anyio-4.9.0, asyncio-0.24.0, cov-7.0.0
asyncio: mode=Mode.AUTO, default_loop_scope=session
collected 62 items

tests\test_api_dao_unit_and_integration.py ..........                    [ 16%]
tests\test_api_router_extra.py ...                                       [ 20%]
tests\test_api_router_more.py ...                                        [ 25%]
tests\test_auth_api.py F.F                                               [ 30%]
tests\test_auth_auth_and_schemas_unit.py ...                             [ 35%]
tests\test_auth_dependencies_unit.py ...                                 [ 40%]
tests\test_base_dao_error_branches.py ....                               [ 46%]
tests\test_base_dao_integration.py ..                                    [ 50%]
tests\test_blog_api.py F.                                                [ 53%]
tests\test_likes_api.py F                                                [ 54%]
tests\test_likes_router_more.py ..FF                                     [ 61%]
tests\test_main_handlers.py ..F                                          [ 66%]
tests\test_pages_smoke.py .                                              [ 67%]
tests\test_pages_views_functional.py ...F.FFFF                           [ 82%]
tests\test_session_maker_unit.py ........                                [ 95%]
